// Jest Snapshot v1, https://goo.gl/fbAQLP

exports[`Poll snapshot can match a snapshot 1`] = `
Array [
  <h2>
    a question
  </h2>,
  <ul>
     
    <li>
      answer1
    </li>
    <li>
      answer2
    </li>
    <li>
      answer3
    </li>
     
  </ul>,
]
`;
